[    0.000000] Linux version 4.15.0-66-generic (buildd@lgw01-amd64-044) (gcc version 7.4.0 (Ubuntu 7.4.0-1ubuntu1~18.04.1)) #75-Ubuntu SMP Tue Oct 1 05:24:09 UTC 2019 (Ubuntu 4.15.0-66.75-generic 4.15.18)
[    0.000000] Command line: BOOT_IMAGE=/boot/vmlinuz-4.15.0-66-generic root=LABEL=cloudimg-rootfs ro console=tty1 console=ttyS0
[    0.000000] KERNEL supported cpus:
[    0.000000]   Intel GenuineIntel
[    0.000000]   AMD AuthenticAMD
[    0.000000]   Centaur CentaurHauls
[    0.000000] x86/fpu: Supporting XSAVE feature 0x001: 'x87 floating point registers'
[    0.000000] x86/fpu: Supporting XSAVE feature 0x002: 'SSE registers'
[    0.000000] x86/fpu: Supporting XSAVE feature 0x004: 'AVX registers'
[    0.000000] x86/fpu: xstate_offset[2]:  576, xstate_sizes[2]:  256
[    0.000000] x86/fpu: Enabled xstate features 0x7, context size is 832 bytes, using 'standard' format.
[    0.000000] e820: BIOS-provided physical RAM map:
[    0.000000] BIOS-e820: [mem 0x0000000000000000-0x000000000009fbff] usable
[    0.000000] BIOS-e820: [mem 0x000000000009fc00-0x000000000009ffff] reserved
[    0.000000] BIOS-e820: [mem 0x00000000000f0000-0x00000000000fffff] reserved
[    0.000000] BIOS-e820: [mem 0x0000000000100000-0x000000007ffeffff] usable
[    0.000000] BIOS-e820: [mem 0x000000007fff0000-0x000000007fffffff] ACPI data
[    0.000000] BIOS-e820: [mem 0x00000000fec00000-0x00000000fec00fff] reserved
[    0.000000] BIOS-e820: [mem 0x00000000fee00000-0x00000000fee00fff] reserved
[    0.000000] BIOS-e820: [mem 0x00000000fffc0000-0x00000000ffffffff] reserved
[    0.000000] NX (Execute Disable) protection: active
[    0.000000] SMBIOS 2.5 present.
[    0.000000] DMI: innotek GmbH VirtualBox/VirtualBox, BIOS VirtualBox 12/01/2006
[    0.000000] Hypervisor detected: KVM
[    0.000000] e820: last_pfn = 0x7fff0 max_arch_pfn = 0x400000000
[    0.000000] MTRR: Disabled
[    0.000000] x86/PAT: MTRRs disabled, skipping PAT initialization too.
[    0.000000] CPU MTRRs all blank - virtualized system.
[    0.000000] x86/PAT: Configuration [0-7]: WB  WT  UC- UC  WB  WT  UC- UC  
[    0.000000] found SMP MP-table at [mem 0x0009fff0-0x0009ffff]
[    0.000000] Scanning 1 areas for low memory corruption
[    0.000000] RAMDISK: [mem 0x35a89000-0x36d3bfff]
[    0.000000] ACPI: Early table checksum verification disabled
[    0.000000] ACPI: RSDP 0x00000000000E0000 000024 (v02 VBOX  )
[    0.000000] ACPI: XSDT 0x000000007FFF0030 00003C (v01 VBOX   VBOXXSDT 00000001 ASL  00000061)
[    0.000000] ACPI: FACP 0x000000007FFF00F0 0000F4 (v04 VBOX   VBOXFACP 00000001 ASL  00000061)
[    0.000000] ACPI: DSDT 0x000000007FFF0470 0022EA (v02 VBOX   VBOXBIOS 00000002 INTL 20100528)
[    0.000000] ACPI: FACS 0x000000007FFF0200 000040
[    0.000000] ACPI: FACS 0x000000007FFF0200 000040
[    0.000000] ACPI: APIC 0x000000007FFF0240 00005C (v02 VBOX   VBOXAPIC 00000001 ASL  00000061)
[    0.000000] ACPI: SSDT 0x000000007FFF02A0 0001CC (v01 VBOX   VBOXCPUT 00000002 INTL 20100528)
[    0.000000] No NUMA configuration found
[    0.000000] Faking a node at [mem 0x0000000000000000-0x000000007ffeffff]
[    0.000000] NODE_DATA(0) allocated [mem 0x7ffc5000-0x7ffeffff]
[    0.000000] kvm-clock: cpu 0, msr 0:7ff44001, primary cpu clock
[    0.000000] kvm-clock: Using msrs 4b564d01 and 4b564d00
[    0.000000] kvm-clock: using sched offset of 3767917109 cycles
[    0.000000] clocksource: kvm-clock: mask: 0xffffffffffffffff max_cycles: 0x1cd42e4dffb, max_idle_ns: 881590591483 ns
[    0.000000] Zone ranges:
[    0.000000]   DMA      [mem 0x0000000000001000-0x0000000000ffffff]
[    0.000000]   DMA32    [mem 0x0000000001000000-0x000000007ffeffff]
[    0.000000]   Normal   empty
[    0.000000]   Device   empty
[    0.000000] Movable zone start for each node
[    0.000000] Early memory node ranges
[    0.000000]   node   0: [mem 0x0000000000001000-0x000000000009efff]
[    0.000000]   node   0: [mem 0x0000000000100000-0x000000007ffeffff]
[    0.000000] Reserved but unavailable: 98 pages
[    0.000000] Initmem setup node 0 [mem 0x0000000000001000-0x000000007ffeffff]
[    0.000000] ACPI: PM-Timer IO Port: 0x4008
[    0.000000] IOAPIC[0]: apic_id 2, version 32, address 0xfec00000, GSI 0-23
[    0.000000] ACPI: INT_SRC_OVR (bus 0 bus_irq 0 global_irq 2 dfl dfl)
[    0.000000] ACPI: INT_SRC_OVR (bus 0 bus_irq 9 global_irq 9 low level)
[    0.000000] Using ACPI (MADT) for SMP configuration information
[    0.000000] smpboot: Allowing 2 CPUs, 0 hotplug CPUs
[    0.000000] PM: Registered nosave memory: [mem 0x00000000-0x00000fff]
[    0.000000] PM: Registered nosave memory: [mem 0x0009f000-0x0009ffff]
[    0.000000] PM: Registered nosave memory: [mem 0x000a0000-0x000effff]
[    0.000000] PM: Registered nosave memory: [mem 0x000f0000-0x000fffff]
[    0.000000] e820: [mem 0x80000000-0xfebfffff] available for PCI devices
[    0.000000] Booting paravirtualized kernel on KVM
[    0.000000] clocksource: refined-jiffies: mask: 0xffffffff max_cycles: 0xffffffff, max_idle_ns: 7645519600211568 ns
[    0.000000] random: get_random_bytes called from start_kernel+0x99/0x4fd with crng_init=0
[    0.000000] setup_percpu: NR_CPUS:8192 nr_cpumask_bits:2 nr_cpu_ids:2 nr_node_ids:1
[    0.000000] percpu: Embedded 46 pages/cpu s151552 r8192 d28672 u1048576
[    0.000000] PV qspinlock hash table entries: 256 (order: 0, 4096 bytes)
[    0.000000] Built 1 zonelists, mobility grouping on.  Total pages: 515961
[    0.000000] Policy zone: DMA32
[    0.000000] Kernel command line: BOOT_IMAGE=/boot/vmlinuz-4.15.0-66-generic root=LABEL=cloudimg-rootfs ro console=tty1 console=ttyS0
[    0.000000] Memory: 2015624K/2096696K available (12300K kernel code, 2481K rwdata, 4260K rodata, 2436K init, 2388K bss, 81072K reserved, 0K cma-reserved)
[    0.000000] SLUB: HWalign=64, Order=0-3, MinObjects=0, CPUs=2, Nodes=1
[    0.000000] Kernel/User page tables isolation: enabled
[    0.000000] ftrace: allocating 39306 entries in 154 pages
[    0.004000] Hierarchical RCU implementation.
[    0.004000] 	RCU restricting CPUs from NR_CPUS=8192 to nr_cpu_ids=2.
[    0.004000] 	Tasks RCU enabled.
[    0.004000] RCU: Adjusting geometry for rcu_fanout_leaf=16, nr_cpu_ids=2
[    0.004000] NR_IRQS: 524544, nr_irqs: 440, preallocated irqs: 16
[    0.004000] Console: colour VGA+ 80x25
[    0.004000] console [tty1] enabled
[    0.004000] console [ttyS0] enabled
[    0.004000] ACPI: Core revision 20170831
[    0.004000] ACPI: 2 ACPI AML tables successfully acquired and loaded
[    0.004000] APIC: Switch to symmetric I/O mode setup
[    0.004000] x2apic enabled
[    0.004000] Switched APIC routing to physical x2apic.
[    0.004000] ..TIMER: vector=0x30 apic1=0 pin1=2 apic2=-1 pin2=-1
[    0.004003] tsc: Detected 2999.998 MHz processor
[    0.004743] Calibrating delay loop (skipped) preset value.. 5999.99 BogoMIPS (lpj=11999992)
[    0.005317] pid_max: default: 32768 minimum: 301
[    0.006073] Security Framework initialized
[    0.006735] Yama: becoming mindful.
[    0.008015] AppArmor: AppArmor initialized
[    0.009794] Dentry cache hash table entries: 262144 (order: 9, 2097152 bytes)
[    0.011874] Inode-cache hash table entries: 131072 (order: 8, 1048576 bytes)
[    0.012010] Mount-cache hash table entries: 4096 (order: 3, 32768 bytes)
[    0.013047] Mountpoint-cache hash table entries: 4096 (order: 3, 32768 bytes)
[    0.014355] Last level iTLB entries: 4KB 128, 2MB 8, 4MB 8
[    0.016001] Last level dTLB entries: 4KB 64, 2MB 0, 4MB 0, 1GB 4
[    0.016994] Spectre V1 : Mitigation: usercopy/swapgs barriers and __user pointer sanitization
[    0.018324] Spectre V2 : Mitigation: Full generic retpoline
[    0.019196] Spectre V2 : Spectre v2 / SpectreRSB mitigation: Filling RSB on context switch
[    0.020001] Speculative Store Bypass: Vulnerable
[    0.020778] MDS: Mitigation: Clear CPU buffers
[    0.021621] Freeing SMP alternatives memory: 36K
[    0.132104] smpboot: CPU0: Intel(R) Core(TM) i5-8500 CPU @ 3.00GHz (family: 0x6, model: 0x9e, stepping: 0xa)
[    0.134120] Performance Events: unsupported p6 CPU model 158 no PMU driver, software events only.
[    0.135541] Hierarchical SRCU implementation.
[    0.136441] NMI watchdog: Perf event create on CPU 0 failed with -2
[    0.137415] NMI watchdog: Perf NMI watchdog permanently disabled
[    0.138373] smp: Bringing up secondary CPUs ...
[    0.139173] x86: Booting SMP configuration:
[    0.140002] .... node  #0, CPUs:      #1
[    0.004000] kvm-clock: cpu 1, msr 0:7ff44041, secondary cpu clock
[    0.144013] smp: Brought up 1 node, 2 CPUs
[    0.144673] smpboot: Max logical packages: 1
[    0.145356] smpboot: Total of 2 processors activated (11999.99 BogoMIPS)
[    0.146481] devtmpfs: initialized
[    0.146481] x86/mm: Memory block size: 128MB
[    0.148147] evm: security.selinux
[    0.148706] evm: security.SMACK64
[    0.149257] evm: security.SMACK64EXEC
[    0.149857] evm: security.SMACK64TRANSMUTE
[    0.150518] evm: security.SMACK64MMAP
[    0.151117] evm: security.apparmor
[    0.151678] evm: security.ima
[    0.152002] evm: security.capability
[    0.152614] clocksource: jiffies: mask: 0xffffffff max_cycles: 0xffffffff, max_idle_ns: 7645041785100000 ns
[    0.153704] futex hash table entries: 512 (order: 3, 32768 bytes)
[    0.154684] pinctrl core: initialized pinctrl subsystem
[    0.156070] RTC time:  7:19:41, date: 11/15/19
[    0.156873] NET: Registered protocol family 16
[    0.157636] audit: initializing netlink subsys (disabled)
[    0.158501] audit: type=2000 audit(1573802385.850:1): state=initialized audit_enabled=0 res=1
[    0.160011] cpuidle: using governor ladder
[    0.160680] cpuidle: using governor menu
[    0.161339] ACPI: bus type PCI registered
[    0.161988] acpiphp: ACPI Hot Plug PCI Controller Driver version: 0.5
[    0.163044] PCI: Using configuration type 1 for base access
[    0.164967] HugeTLB registered 2.00 MiB page size, pre-allocated 0 pages
[    0.168056] ACPI: Added _OSI(Module Device)
[    0.168743] ACPI: Added _OSI(Processor Device)
[    0.169453] ACPI: Added _OSI(3.0 _SCP Extensions)
[    0.170197] ACPI: Added _OSI(Processor Aggregator Device)
[    0.171040] ACPI: Added _OSI(Linux-Dell-Video)
[    0.171748] ACPI: Added _OSI(Linux-Lenovo-NV-HDMI-Audio)
[    0.172003] ACPI: Added _OSI(Linux-HPI-Hybrid-Graphics)
[    0.173311] ACPI: Executed 1 blocks of module-level executable AML code
[    0.177371] ACPI: Interpreter enabled
[    0.178110] ACPI: (supports S0 S5)
[    0.178673] ACPI: Using IOAPIC for interrupt routing
[    0.180163] PCI: Using host bridge windows from ACPI; if necessary, use "pci=nocrs" and report a bug
[    0.181914] ACPI: Enabled 2 GPEs in block 00 to 07
[    0.188043] ACPI: PCI Root Bridge [PCI0] (domain 0000 [bus 00-ff])
[    0.189293] acpi PNP0A03:00: _OSC: OS supports [ASPM ClockPM Segments MSI]
[    0.190694] acpi PNP0A03:00: _OSC: not requesting OS control; OS requires [ExtendedConfig ASPM ClockPM MSI]
[    0.192000] acpi PNP0A03:00: fail to add MMCONFIG information, can't access extended PCI configuration space under this bridge.
[    0.192318] PCI host bridge to bus 0000:00
[    0.192980] pci_bus 0000:00: root bus resource [io  0x0000-0x0cf7 window]
[    0.194020] pci_bus 0000:00: root bus resource [io  0x0d00-0xffff window]
[    0.196002] pci_bus 0000:00: root bus resource [mem 0x000a0000-0x000bffff window]
[    0.197388] pci_bus 0000:00: root bus resource [mem 0x80000000-0xfdffffff window]
[    0.198571] pci_bus 0000:00: root bus resource [bus 00-ff]
[    0.202043] pci 0000:00:01.1: legacy IDE quirk: reg 0x10: [io  0x01f0-0x01f7]
[    0.204003] pci 0000:00:01.1: legacy IDE quirk: reg 0x14: [io  0x03f6]
[    0.205024] pci 0000:00:01.1: legacy IDE quirk: reg 0x18: [io  0x0170-0x0177]
[    0.206128] pci 0000:00:01.1: legacy IDE quirk: reg 0x1c: [io  0x0376]
[    0.223829] pci 0000:00:07.0: quirk: [io  0x4000-0x403f] claimed by PIIX4 ACPI
[    0.224018] pci 0000:00:07.0: quirk: [io  0x4100-0x410f] claimed by PIIX4 SMB
[    0.232284] ACPI: PCI Interrupt Link [LNKA] (IRQs 5 9 10 *11)
[    0.233637] ACPI: PCI Interrupt Link [LNKB] (IRQs 5 9 *10 11)
[    0.234742] ACPI: PCI Interrupt Link [LNKC] (IRQs 5 *9 10 11)
[    0.235740] ACPI: PCI Interrupt Link [LNKD] (IRQs 5 9 10 *11)
[    0.236291] SCSI subsystem initialized
[    0.236949] pci 0000:00:02.0: vgaarb: setting as boot VGA device
[    0.237042] pci 0000:00:02.0: vgaarb: VGA device added: decodes=io+mem,owns=io+mem,locks=none
[    0.240007] pci 0000:00:02.0: vgaarb: bridge control possible
[    0.240908] vgaarb: loaded
[    0.241392] ACPI: bus type USB registered
[    0.242055] usbcore: registered new interface driver usbfs
[    0.242926] usbcore: registered new interface driver hub
[    0.243772] usbcore: registered new device driver usb
[    0.244039] EDAC MC: Ver: 3.0.0
[    0.244750] PCI: Using ACPI for IRQ routing
[    0.244945] NetLabel: Initializing
[    0.245512] NetLabel:  domain hash size = 128
[    0.246210] NetLabel:  protocols = UNLABELED CIPSOv4 CALIPSO
[    0.248018] NetLabel:  unlabeled traffic allowed by default
[    0.248904] clocksource: Switched to clocksource kvm-clock
[    0.258376] VFS: Disk quotas dquot_6.6.0
[    0.259275] VFS: Dquot-cache hash table entries: 512 (order 0, 4096 bytes)
[    0.260655] AppArmor: AppArmor Filesystem Enabled
[    0.261425] pnp: PnP ACPI init
[    0.263012] pnp: PnP ACPI: found 3 devices
[    0.271386] clocksource: acpi_pm: mask: 0xffffff max_cycles: 0xffffff, max_idle_ns: 2085701024 ns
[    0.273307] NET: Registered protocol family 2
[    0.274373] TCP established hash table entries: 16384 (order: 5, 131072 bytes)
[    0.275547] TCP bind hash table entries: 16384 (order: 6, 262144 bytes)
[    0.276617] TCP: Hash tables configured (established 16384 bind 16384)
[    0.278627] UDP hash table entries: 1024 (order: 3, 32768 bytes)
[    0.279566] UDP-Lite hash table entries: 1024 (order: 3, 32768 bytes)
[    0.280606] NET: Registered protocol family 1
[    0.281312] pci 0000:00:00.0: Limiting direct PCI/PCI transfers
[    0.282252] pci 0000:00:01.0: Activating ISA DMA hang workarounds
[    0.283240] pci 0000:00:02.0: Video device with shadowed ROM at [mem 0x000c0000-0x000dffff]
[    0.284638] Unpacking initramfs...
[    0.507970] Freeing initrd memory: 19148K
[    0.509009] clocksource: tsc: mask: 0xffffffffffffffff max_cycles: 0x2b3e43c8763, max_idle_ns: 440795360101 ns
[    0.510845] platform rtc_cmos: registered platform RTC device (no PNP device found)
[    0.512128] Scanning for low memory corruption every 60 seconds
[    0.513628] Initialise system trusted keyrings
[    0.514681] Key type blacklist registered
[    0.515400] workingset: timestamp_bits=36 max_order=19 bucket_order=0
[    0.517265] zbud: loaded
[    0.518074] squashfs: version 4.0 (2009/01/31) Phillip Lougher
[    0.519147] fuse init (API version 7.26)
[    0.521628] Key type asymmetric registered
[    0.522323] Asymmetric key parser 'x509' registered
[    0.523259] Block layer SCSI generic (bsg) driver version 0.4 loaded (major 246)
[    0.524526] io scheduler noop registered
[    0.525171] io scheduler deadline registered
[    0.525880] io scheduler cfq registered (default)
[    0.526894] ACPI: AC Adapter [AC] (on-line)
[    0.527706] input: Power Button as /devices/LNXSYSTM:00/LNXPWRBN:00/input/input0
[    0.529174] ACPI: Power Button [PWRF]
[    0.529846] input: Sleep Button as /devices/LNXSYSTM:00/LNXSLPBN:00/input/input1
[    0.531041] ACPI: Sleep Button [SLPF]
[    0.531928] Serial: 8250/16550 driver, 32 ports, IRQ sharing enabled
[    0.553708] 00:02: ttyS0 at I/O 0x3f8 (irq = 4, base_baud = 115200) is a 16550A
[    0.557645] Linux agpgart interface v0.103
[    0.559406] loop: module loaded
[    0.560371] scsi host0: ata_piix
[    0.561014] scsi host1: ata_piix
[    0.561578] ata1: PATA max UDMA/33 cmd 0x1f0 ctl 0x3f6 bmdma 0xd000 irq 14
[    0.562651] ata2: PATA max UDMA/33 cmd 0x170 ctl 0x376 bmdma 0xd008 irq 15
[    0.564040] libphy: Fixed MDIO Bus: probed
[    0.564799] tun: Universal TUN/TAP device driver, 1.6
[    0.565661] PPP generic driver version 2.4.2
[    0.566672] ehci_hcd: USB 2.0 'Enhanced' Host Controller (EHCI) Driver
[    0.567940] ehci-pci: EHCI PCI platform driver
[    0.568812] ehci-platform: EHCI generic platform driver
[    0.569846] ohci_hcd: USB 1.1 'Open' Host Controller (OHCI) Driver
[    0.570806] ohci-pci: OHCI PCI platform driver
[    0.571522] ohci-platform: OHCI generic platform driver
[    0.572390] uhci_hcd: USB Universal Host Controller Interface driver
[    0.573404] i8042: PNP: PS/2 Controller [PNP0303:PS2K,PNP0f03:PS2M] at 0x60,0x64 irq 1,12
[    0.575046] serio: i8042 KBD port at 0x60,0x64 irq 1
[    0.575851] serio: i8042 AUX port at 0x60,0x64 irq 12
[    0.577080] mousedev: PS/2 mouse device common for all mice
[    0.578532] input: AT Translated Set 2 keyboard as /devices/platform/i8042/serio0/input/input2
[    0.580100] rtc_cmos rtc_cmos: rtc core: registered rtc_cmos as rtc0
[    0.581158] rtc_cmos rtc_cmos: alarms up to one day, 114 bytes nvram
[    0.582155] i2c /dev entries driver
[    0.582766] device-mapper: uevent: version 1.0.3
[    0.583625] device-mapper: ioctl: 4.37.0-ioctl (2017-09-20) initialised: dm-devel@redhat.com
[    0.585056] ledtrig-cpu: registered to indicate activity on CPUs
[    0.586234] NET: Registered protocol family 10
[    0.589644] Segment Routing with IPv6
[    0.590266] NET: Registered protocol family 17
[    0.591026] Key type dns_resolver registered
[    0.591901] mce: Using 0 MCE banks
[    0.592677] RAS: Correctable Errors collector initialized.
[    0.593554] sched_clock: Marking stable (592659903, 0)->(726004109, -133344206)
[    0.594999] registered taskstats version 1
[    0.595676] Loading compiled-in X.509 certificates
[    0.598115] Loaded X.509 cert 'Build time autogenerated kernel key: 01a66adcc10ca4ce7676a3458c33483b0e2b806e'
[    0.599660] zswap: loaded using pool lzo/zbud
[    0.602855] Key type big_key registered
[    0.603831] Key type trusted registered
[    0.605682] Key type encrypted registered
[    0.606346] AppArmor: AppArmor sha1 policy hashing enabled
[    0.607218] ima: No TPM chip found, activating TPM-bypass! (rc=-19)
[    0.608231] ima: Allocated hash algorithm: sha1
[    0.608967] evm: HMAC attrs: 0x1
[    0.609698]   Magic number: 11:170:319
[    0.610326] tty tty44: hash matches
[    0.610956] rtc_cmos rtc_cmos: setting system clock to 2019-11-15 07:19:41 UTC (1573802381)
[    0.612374] BIOS EDD facility v0.16 2004-Jun-25, 0 devices found
[    0.613490] EDD information not available.
[    0.726319] Freeing unused kernel image memory: 2436K
[    1.027519] Write protecting the kernel read-only data: 20480k
[    1.029530] Freeing unused kernel image memory: 2008K
[    1.030743] Freeing unused kernel image memory: 1884K
[    1.035642] x86/mm: Checked W+X mappings: passed, no W+X pages found.
[    1.037003] x86/mm: Checking user space page tables
[    1.041758] x86/mm: Checked W+X mappings: passed, no W+X pages found.
Loading, please wait...
starting version 237
[    1.087381] e1000: Intel(R) PRO/1000 Network Driver - version 7.3.21-k8-NAPI
[    1.088933] e1000: Copyright (c) 1999-2006 Intel Corporation.
[    1.091888] Fusion MPT base driver 3.04.20
[    1.092626] Copyright (c) 1999-2008 LSI Corporation
[    1.101530] AVX2 version of gcm_enc/dec engaged.
[    1.103114] AES CTR mode by8 optimization enabled
[    1.108933] Fusion MPT SPI Host driver 3.04.20
[    1.326449] input: ImExPS/2 Generic Explorer Mouse as /devices/platform/i8042/serio1/input/input4
[    1.493329] e1000 0000:00:03.0 eth0: (PCI:33MHz:32-bit) 02:b5:0e:9d:9f:27
[    1.494432] e1000 0000:00:03.0 eth0: Intel(R) PRO/1000 Network Connection
[    1.496264] mptbase: ioc0: Initiating bringup
[    1.496412] e1000 0000:00:03.0 enp0s3: renamed from eth0
[    1.621461] ioc0: LSI53C1030 A0: Capabilities={Initiator}
[    1.863710] scsi host2: ioc0: LSI53C1030 A0, FwRev=00000000h, Ports=1, MaxQ=256, IRQ=20
[    2.033585] scsi 2:0:0:0: Direct-Access     VBOX     HARDDISK         1.0  PQ: 0 ANSI: 5
[    2.060415] scsi target2:0:0: Beginning Domain Validation
[    2.064236] scsi target2:0:0: Domain Validation skipping write tests
[    2.065295] scsi target2:0:0: Ending Domain Validation
[    2.066165] scsi target2:0:0: asynchronous
[    2.067411] scsi 2:0:1:0: Direct-Access     VBOX     HARDDISK         1.0  PQ: 0 ANSI: 5
[    2.100165] scsi target2:0:1: Beginning Domain Validation
[    2.104251] random: fast init done
[    2.105173] scsi target2:0:1: Domain Validation skipping write tests
[    2.106355] scsi target2:0:1: Ending Domain Validation
[    2.107285] scsi target2:0:1: asynchronous
[    2.111545] random: systemd-udevd: uninitialized urandom read (16 bytes read)
[    2.111600] sd 2:0:0:0: Attached scsi generic sg0 type 0
[    2.112753] random: systemd-udevd: uninitialized urandom read (16 bytes read)
[    2.113694] sd 2:0:1:0: Attached scsi generic sg1 type 0
[    2.114700] random: systemd-udevd: uninitialized urandom read (16 bytes read)
[    2.116854] sd 2:0:0:0: [sda] 20971520 512-byte logical blocks: (10.7 GB/10.0 GiB)
[    2.117155] sd 2:0:1:0: [sdb] 20480 512-byte logical blocks: (10.5 MB/10.0 MiB)
[    2.119276] sd 2:0:0:0: [sda] Write Protect is off
[    2.119292] sd 2:0:1:0: [sdb] Write Protect is off
[    2.120921] sd 2:0:1:0: [sdb] Incomplete mode parameter data
[    2.120924] sd 2:0:0:0: [sda] Incomplete mode parameter data
[    2.121806] sd 2:0:1:0: [sdb] Assuming drive cache: write through
[    2.122706] sd 2:0:0:0: [sda] Assuming drive cache: write through
[    2.141151]  sda: sda1
[    2.142973] sd 2:0:1:0: [sdb] Attached SCSI disk
[    2.144225] sd 2:0:0:0: [sda] Attached SCSI disk
Begin: Loading essential drivers ... [    3.504205] raid6: sse2x1   gen() 14132 MB/s
[    3.552265] raid6: sse2x1   xor() 10232 MB/s
[    3.600260] raid6: sse2x2   gen() 17729 MB/s
[    3.648031] raid6: sse2x2   xor() 11108 MB/s
[    3.696202] raid6: sse2x4   gen() 19796 MB/s
[    3.744205] raid6: sse2x4   xor() 11995 MB/s
[    3.792250] raid6: avx2x1   gen() 28408 MB/s
[    3.840252] raid6: avx2x1   xor() 19816 MB/s
[    3.888534] raid6: avx2x2   gen() 36214 MB/s
[    3.936137] raid6: avx2x2   xor() 21563 MB/s
[    3.984010] raid6: avx2x4   gen() 38943 MB/s
[    4.032157] raid6: avx2x4   xor() 23168 MB/s
[    4.033133] raid6: using algorithm avx2x4 gen() 38943 MB/s
[    4.034089] raid6: .... xor() 23168 MB/s, rmw enabled
[    4.034869] raid6: using avx2x2 recovery algorithm
[    4.036749] xor: automatically using best checksumming function   avx       
[    4.039289] async_tx: api initialized (async)
done.
Begin: Running /scripts/init-premount ... done.
Begin: Mounting root file system ... Begin: Running /scripts/local-top ... done.
Begin: Running /scripts/local-premount ... [    4.072415] Btrfs loaded, crc32c=crc32c-intel
Scanning for Btrfs filesystems
done.
Warning: fsck not present, so skipping root file system
[    4.094732] EXT4-fs (sda1): INFO: recovery required on readonly filesystem
[    4.095775] EXT4-fs (sda1): write access will be enabled during recovery
[    4.269487] EXT4-fs (sda1): orphan cleanup on readonly fs
[    4.288857] EXT4-fs (sda1): 6 orphan inodes deleted
[    4.290635] EXT4-fs (sda1): recovery complete
[    4.292387] EXT4-fs (sda1): mounted filesystem with ordered data mode. Opts: (null)
done.
Begin: Running /scripts/local-bottom ... done.
Begin: Running /scripts/init-bottom ... done.
[    4.987885] ip_tables: (C) 2000-2006 Netfilter Core Team
[    5.061279] systemd[1]: systemd 237 running in system mode. (+PAM +AUDIT +SELINUX +IMA +APPARMOR +SMACK +SYSVINIT +UTMP +LIBCRYPTSETUP +GCRYPT +GNUTLS +ACL +XZ +LZ4 +SECCOMP +BLKID +ELFUTILS +KMOD -IDN2 +IDN -PCRE2 default-hierarchy=hybrid)
[    5.066450] systemd[1]: Detected virtualization oracle.
[    5.067284] systemd[1]: Detected architecture x86-64.

Welcome to [1mUbuntu 18.04.3 LTS[0m!

[    5.088940] systemd[1]: Set hostname to <ubuntu-bionic>.
[    5.159945] random: crng init done
[    5.161245] random: 7 urandom warning(s) missed due to ratelimiting
[    6.540250] systemd[1]: Reached target System Time Synchronized.
[[0;32m  OK  [0m] Reached target System Time Synchronized.
[    6.543766] systemd[1]: Created slice System Slice.
[[0;32m  OK  [0m] Created slice System Slice.
[    6.564516] systemd[1]: Listening on udev Control Socket.
[[0;32m  OK  [0m] Listening on udev Control Socket.
[    6.583381] systemd[1]: Listening on LVM2 metadata daemon socket.
[[0;32m  OK  [0m] Listening on LVM2 metadata daemon socket.
[    6.604055] systemd[1]: Created slice system-serial\x2dgetty.slice.
[[0;32m  OK  [0m] Created slice system-serial\x2dgetty.slice.
[    6.606836] systemd[1]: Listening on LVM2 poll daemon socket.
[[0;32m  OK  [0m] Listening on LVM2 poll daemon socket.
[[0;32m  OK  [0m] Set up automount Arbitrary Executabâ€¦rmats File System Automount Point.
[[0;32m  OK  [0m] Reached target Swap.
[[0;32m  OK  [0m] Listening on Journal Socket.
         Starting Create list of required stâ€¦ce nodes for the current kernel...
         Starting Uncomplicated firewall...
         Mounting POSIX Message Queue File System...
         Mounting Kernel Debug File System...
         Starting Remount Root and Kernel File Systems...
         Starting Load Kernel Modules...
[[0;32m  OK  [0m] Created slice User and Session Slice.
[[0;32m  OK  [0m] Reached target Slices.
[[0;32m  OK  [0m] Listening on Syslog Socket.
[[0;32m  OK  [0m] Listening on /dev/initctl Compatibility Named Pipe.
[[0;32m  OK  [0m] Reached target User and Group Name Lookups.
[[0;32m  OK  [0m] Listening on udev Kernel Socket.
         Starting udev Coldplug all Devices...
         Starting Set the console keyboard layout...
[    7.057778] Loading iSCSI transport class v2.0-870.
[[0;32m  OK  [0m] Listening on Device-mapper event daemon FIFOs.
[    7.066291] EXT4-fs (sda1): re-mounted. Opts: (null)
[[0;32m  OK  [0m] Listening on Network Service Netlink Socket.
[[0;32m  OK  [0m] Listening on Journal Socket (/dev/log).
         Starting Monitoring of LVM2 mirrorsâ€¦ng dmeventd or progress polling...
[[0;32m  OK  [0m] Started Forward Password Requests to Wall Directory Watch.
[[0;32m  OK  [0m] Listening on Journal Audit Socket.
         Starting Journal Service...
         Mounting Huge Pages File System...
[[0;32m  OK  [0m] Started Create list of required staâ€¦vice nodes for the current kernel.
[    7.131980] iscsi: registered transport (tcp)
[[0;32m  OK  [0m] Started Uncomplicated firewall.
[[0;32m  OK  [0m] Mounted POSIX Message Queue File System.
[[0;32m  OK  [0m] Mounted Kernel Debug File System.
[[0;32m  OK  [0m] Started Remount Root and Kernel File Systems.
[[0;32m  OK  [0m] Mounted Huge Pages File System.
         Starting Load/Save Random Seed...
[    7.185903] iscsi: registered transport (iser)
         Starting Create Static Device Nodes in /dev...
[[0;32m  OK  [0m] Started Journal Service.
[[0;32m  OK  [0m] Started Load Kernel Modules.
[[0;32m  OK  [0m] Started udev Coldplug all Devices.
[[0;32m  OK  [0m] Started Load/Save Random Seed.
[[0;32m  OK  [0m] Started LVM2 metadata daemon.
         Starting Apply Kernel Variables...
         Mounting FUSE Control File System...
         Mounting Kernel Configuration File System...
         Starting Flush Journal to Persistent Storage...
[[0;32m  OK  [0m] Mounted FUSE Control File System.
[[0;32m  OK  [0m] Mounted Kernel Configuration File System.
[[0;32m  OK  [0m] Started Set the console keyboard layout.
[[0;32m  OK  [0m] Started Create Static Device Nodes in /dev.
         Starting udev Kernel Device Manager...
[[0;32m  OK  [0m] Started Monitoring of LVM2 mirrors,â€¦sing dmeventd or progress polling.
[[0;32m  OK  [0m] Reached target Local File Systems (Pre).
[[0;32m  OK  [0m] Reached target Local File Systems.
         Starting ebtables ruleset management...
         Starting AppArmor initialization...
         Starting Tell Plymouth To Write Out Runtime Data...
         Starting Set console font and keymap...
[[0;32m  OK  [0m] Started Apply Kernel Variables.
[[0;32m  OK  [0m] Started Tell Plymouth To Write Out Runtime Data.
[[0;32m  OK  [0m] Started Set console font and keymap.
[[0;32m  OK  [0m] Started udev Kernel Device Manager.
[[0;32m  OK  [0m] Started Dispatch Password Requests to Console Directory Watch.
[[0;32m  OK  [0m] Reached target Local Encrypted Volumes.
[[0;32m  OK  [0m] Started Flush Journal to Persistent Storage.
         Starting Create Volatile Files and Directories...
[[0;32m  OK  [0m] Found device /dev/ttyS0.
[[0;32m  OK  [0m] Started Create Volatile Files and Directories.
         Starting Update UTMP about System Boot/Shutdown...
[[0;32m  OK  [0m] Listening on Load/Save RF Kill Switch Status /dev/rfkill Watch.
[[0;32m  OK  [0m] Started ebtables ruleset management.
[[0;32m  OK  [0m] Started Update UTMP about System Boot/Shutdown.
[[0;32m  OK  [0m] Started AppArmor initialization.
         Starting Initial cloud-init job (pre-networking)...
[   20.749055] cloud-init[533]: Cloud-init v. 19.2-36-g059d049c-0ubuntu2~18.04.1 running 'init-local' at Fri, 15 Nov 2019 07:20:00 +0000. Up 19.74 seconds.
[[0;32m  OK  [0m] Started Initial cloud-init job (pre-networking).
[[0;32m  OK  [0m] Reached target Network (Pre).
         Starting Network Service...
[[0;32m  OK  [0m] Started Network Service.
         Starting Wait for Network to be Configured...
         Starting Network Name Resolution...
[[0;32m  OK  [0m] Started Network Name Resolution.
[[0;32m  OK  [0m] Reached target Host and Network Name Lookups.
[[0;32m  OK  [0m] Reached target Network.
[[0;32m  OK  [0m] Started Wait for Network to be Configured.
         Starting Initial cloud-init job (metadata service crawler)...
[   22.723515] cloud-init[668]: Cloud-init v. 19.2-36-g059d049c-0ubuntu2~18.04.1 running 'init' at Fri, 15 Nov 2019 07:20:03 +0000. Up 22.49 seconds.
[   22.736322] cloud-init[668]: ci-info: +++++++++++++++++++++++++++++++++++++Net device info++++++++++++++++++++++++++++++++++++++
[   22.738471] cloud-init[668]: ci-info: +--------+------+---------------------------+---------------+--------+-------------------+
[   22.740064] cloud-init[668]: ci-info: | Device |  Up  |          Address          |      Mask     | Scope  |     Hw-Address    |
[   22.752214] cloud-init[668]: ci-info: +--------+------+---------------------------+---------------+--------+-------------------+
[   22.753650] cloud-init[668]: ci-info: | enp0s3 | True |         10.0.2.15         | 255.255.255.0 | global | 02:b5:0e:9d:9f:27 |
[   22.754751] cloud-init[668]: ci-info: | enp0s3 | True | fe80::b5:eff:fe9d:9f27/64 |       .       |  link  | 02:b5:0e:9d:9f:27 |
[   22.756154] cloud-init[668]: ci-info: |   lo   | True |         127.0.0.1         |   255.0.0.0   |  host  |         .         |
[   22.757563] cloud-init[668]: ci-info: |   lo   | True |          ::1/128          |       .       |  host  |         .         |
[   22.759280] cloud-init[668]: ci-info: +--------+------+---------------------------+---------------+--------+-------------------+
[   22.760771] cloud-init[668]: ci-info: ++++++++++++++++++++++++++++Route IPv4 info+++++++++++++++++++++++++++++
[   22.761780] cloud-init[668]: ci-info: +-------+-------------+----------+-----------------+-----------+-------+
[   22.763103] cloud-init[668]: ci-info: | Route | Destination | Gateway  |     Genmask     | Interface | Flags |
[   22.764384] cloud-init[668]: ci-info: +-------+-------------+----------+-----------------+-----------+-------+
[   22.765681] cloud-init[668]: ci-info: |   0   |   0.0.0.0   | 10.0.2.2 |     0.0.0.0     |   enp0s3  |   UG  |
[   22.766946] cloud-init[668]: ci-info: |   1   |   10.0.2.0  | 0.0.0.0  |  255.255.255.0  |   enp0s3  |   U   |
[   22.783351] cloud-init[668]: ci-info: |   2   |   10.0.2.2  | 0.0.0.0  | 255.255.255.255 |   enp0s3  |   UH  |
[   22.784662] cloud-init[668]: ci-info: +-------+-------------+----------+-----------------+-----------+-------+
[   22.786049] cloud-init[668]: ci-info: +++++++++++++++++++Route IPv6 info+++++++++++++++++++
[   22.796878] cloud-init[668]: ci-info: +-------+-------------+---------+-----------+-------+
[   22.797992] cloud-init[668]: ci-info: | Route | Destination | Gateway | Interface | Flags |
[   22.799188] cloud-init[668]: ci-info: +-------+-------------+---------+-----------+-------+
[   22.809580] cloud-init[668]: ci-info: |   1   |  fe80::/64  |    ::   |   enp0s3  |   U   |
[   22.811229] cloud-init[668]: ci-info: |   3   |    local    |    ::   |   enp0s3  |   U   |
[   22.812397] cloud-init[668]: ci-info: |   4   |   ff00::/8  |    ::   |   enp0s3  |   U   |
[   22.813171] cloud-init[668]: ci-info: +-------+-------------+---------+-----------+-------+
[[0;32m  OK  [0m] Started Initial cloud-init job (metadata service crawler).
[[0;32m  OK  [0m] Reached target Network is Online.
[[0;32m  OK  [0m] Reached target Remote File Systems (Pre).
[[0;32m  OK  [0m] Reached target Remote File Systems.
         Starting Availability of block devices...
[[0;32m  OK  [0m] Reached target Cloud-config availability.
[[0;32m  OK  [0m] Reached target System Initialization.
         Starting LXD - unix socket.
[[0;32m  OK  [0m] Started Discard unused blocks once a week.
[[0;32m  OK  [0m] Started ACPI Events Check.
[[0;32m  OK  [0m] Listening on Open-iSCSI iscsid Socket.
[[0;32m  OK  [0m] Listening on D-Bus System Message Bus Socket.
[[0;32m  OK  [0m] Listening on ACPID Listen Socket.
         Starting Socket activation for snappy daemon.
[[0;32m  OK  [0m] Started Daily apt download activities.
[[0;32m  OK  [0m] Started Clean PHP session files every 30 mins.
[[0;32m  OK  [0m] Listening on UUID daemon activation socket.
[[0;32m  OK  [0m] Reached target Paths.
[[0;32m  OK  [0m] Started Daily Cleanup of Temporary Directories.
[[0;32m  OK  [0m] Started Daily apt upgrade and clean activities.
[[0;32m  OK  [0m] Started Message of the Day.
[[0;32m  OK  [0m] Reached target Timers.
[[0;32m  OK  [0m] Started Availability of block devices.
[[0;32m  OK  [0m] Listening on LXD - unix socket.
[[0;32m  OK  [0m] Listening on Socket activation for snappy daemon.
[[0;32m  OK  [0m] Reached target Sockets.
[[0;32m  OK  [0m] Reached target Basic System.
         Starting LSB: automatic crash report generation...
         Starting MySQL Community Server...
         Starting Accounts Service...
         Starting Snappy daemon...
         Starting Clean php session files...
         Starting Permit User Sessions...
         Starting Message of the Day...
[[0;32m  OK  [0m] Started FUSE filesystem for LXC.
[[0;32m  OK  [0m] Started Regular background program processing daemon.
         Starting The Apache HTTP Server...
         Starting Login Service...
         Starting Virtualbox guest utils...
         Starting LSB: Record successful boot for GRUB...
         Starting LXD - container startup/shutdown...
[[0;32m  OK  [0m] Started D-Bus System Message Bus.
[[0;32m  OK  [0m] Started Login Service.
[[0;32m  OK  [0m] Started Unattended Upgrades Shutdown.
         Starting OpenBSD Secure Shell server...
         Starting System Logging Service...
[[0;32m  OK  [0m] Started Deferred execution scheduler.
         Starting Dispatcher daemon for systemd-networkd...
[[0;32m  OK  [0m] Started irqbalance daemon.
[[0;32m  OK  [0m] Started Permit User Sessions.
         Starting Authorization Manager...
         Starting Hold until boot process finishes up...
         Starting Terminate Plymouth Boot Screen...
[[0;32m  OK  [0m] Started Hold until boot process finishes up.
         Starting Set console scheme...
[[0;32m  OK  [0m] Started Serial Getty on ttyS0.
[[0;32m  OK  [0m] Started Terminate Plymouth Boot Screen.
[[0;32m  OK  [0m] Started LSB: automatic crash report generation.
[[0;32m  OK  [0m] Started Set console scheme.
[[0;32m  OK  [0m] Created slice system-getty.slice.
[[0;32m  OK  [0m] Started Getty on tty1.
[[0;32m  OK  [0m] Reached target Login Prompts.
[[0;32m  OK  [0m] Started LSB: Record successful boot for GRUB.
[[0;32m  OK  [0m] Started System Logging Service.

Ubuntu 18.04.3 LTS ubuntu-bionic ttyS0

ubuntu-bionic login: [   53.835930] cloud-init[1468]: Cloud-init v. 19.2-36-g059d049c-0ubuntu2~18.04.1 running 'modules:config' at Fri, 15 Nov 2019 07:20:32 +0000. Up 51.97 seconds.
[   65.322779] cloud-init[2001]: Cloud-init v. 19.2-36-g059d049c-0ubuntu2~18.04.1 running 'modules:final' at Fri, 15 Nov 2019 07:20:45 +0000. Up 65.04 seconds.
[   65.324085] cloud-init[2001]: Cloud-init v. 19.2-36-g059d049c-0ubuntu2~18.04.1 finished at Fri, 15 Nov 2019 07:20:46 +0000. Datasource DataSourceNoCloud [seed=/dev/sdb][dsmode=net].  Up 65.31 seconds
         Stopping LSB: automatic crash report generation...
[[0;32m  OK  [0m] Stopped LSB: automatic crash report generation.
         Starting LSB: automatic crash report generation...
[[0;32m  OK  [0m] Started LSB: automatic crash report generation.
[[0;32m  OK  [0m] Started Daily apt upgrade and clean activities.
